// Jest Snapshot v1, https://goo.gl/fbAQLP

exports[`<Player/> component no props should render correctly 1`] = `ShallowWrapper {}`;

exports[`<Player/> component with props should render correctly 1`] = `ShallowWrapper {}`;
